Step 1: Importing modules...
Step 2: Setting up variables...
Step 3: Finding session.db...
  Checking base: E:\xwechat_files, exists: True
    Checking: E:\xwechat_files\wxid_v8g6uleh63ms11_a2f9\db_storage\session\session.db, exists: True
Found session.db: E:\xwechat_files\wxid_v8g6uleh63ms11_a2f9\db_storage\session\session.db
Step 4: Importing WCDB modules...
Step 5: Testing WCDB connection (timeout=10s)...
